Starting a Gradle Daemon (subsequent builds will be faster)
> Task :compileJava UP-TO-DATE
> Task :processResources UP-TO-DATE
> Task :classes UP-TO-DATE
> Task :resolveMainClassName

> Task :bootRun
Standard Commons Logging discovery in action with spring-jcl: please remove commons-logging.jar from classpath in order to avoid potential conflicts

  .   ____          _            __ _ _
 /\\ / ___'_ __ _ _(_)_ __  __ _ \ \ \ \
( ( )\___ | '_ | '_| | '_ \/ _` | \ \ \ \
 \\/  ___)| |_)| | | | | || (_| |  ) ) ) )
  '  |____| .__|_| |_|_| |_\__, | / / / /
 =========|_|==============|___/=/_/_/_/

 :: Spring Boot ::                (v3.3.5)

2026-06-24 00:21:41 [main] INFO  z.c.f.FleetExpenseApplication - Starting FleetExpenseApplication using Java 21.0.9 with PID 23353 (/Users/stefanroets/WebstormProjects/TAX-FUEL/1expense-tracking-app/spring-boot-backend/build/classes/java/main started by stefanroets in /Users/stefanroets/WebstormProjects/TAX-FUEL/1expense-tracking-app/spring-boot-backend)
2026-06-24 00:21:41 [main] DEBUG z.c.f.FleetExpenseApplication - Running with Spring Boot v3.3.5, Spring v6.1.14
2026-06-24 00:21:41 [main] INFO  z.c.f.FleetExpenseApplication - No active profile set, falling back to 1 default profile: "default"
2026-06-24 00:21:50 [main] INFO  o.s.d.r.c.RepositoryConfigurationDelegate - Bootstrapping Spring Data JPA repositories in DEFAULT mode.
2026-06-24 00:21:51 [main] INFO  o.s.d.r.c.RepositoryConfigurationDelegate - Finished Spring Data repository scanning in 785 ms. Found 20 JPA repository interfaces.
2026-06-24 00:21:57 [main] INFO  o.s.b.w.e.tomcat.TomcatWebServer - Tomcat initialized with port 8080 (http)
2026-06-24 00:21:57 [main] INFO  o.a.catalina.core.StandardService - Starting service [Tomcat]
2026-06-24 00:21:57 [main] INFO  o.a.catalina.core.StandardEngine - Starting Servlet engine: [Apache Tomcat/10.1.31]
2026-06-24 00:21:58 [main] INFO  o.a.c.c.C.[Tomcat].[localhost].[/] - Initializing Spring embedded WebApplicationContext
2026-06-24 00:21:58 [main] INFO  o.s.b.w.s.c.ServletWebServerApplicationContext - Root WebApplicationContext: initialization completed in 16377 ms
Standard Commons Logging discovery in action with spring-jcl: please remove commons-logging.jar from classpath in order to avoid potential conflicts
2026-06-24 00:22:00 [main] INFO  o.h.jpa.internal.util.LogHelper - HHH000204: Processing PersistenceUnitInfo [name: default]
2026-06-24 00:22:01 [main] INFO  org.hibernate.Version - HHH000412: Hibernate ORM core version 6.5.3.Final
2026-06-24 00:22:01 [main] INFO  o.h.c.i.RegionFactoryInitiator - HHH000026: Second-level cache disabled
2026-06-24 00:22:03 [main] INFO  o.s.o.j.p.SpringPersistenceUnitInfo - No LoadTimeWeaver setup: ignoring JPA class transformer
2026-06-24 00:22:04 [main] INFO  com.zaxxer.hikari.HikariDataSource - HikariPool-1 - Starting...
2026-06-24 00:22:04 [main] INFO  com.zaxxer.hikari.pool.HikariPool - HikariPool-1 - Added connection org.postgresql.jdbc.PgConnection@3f2ef402
2026-06-24 00:22:04 [main] INFO  com.zaxxer.hikari.HikariDataSource - HikariPool-1 - Start completed.
2026-06-24 00:22:05 [main] WARN  org.hibernate.orm.deprecation - HHH90000025: PostgreSQLDialect does not need to be specified explicitly using 'hibernate.dialect' (remove the property setting and it will be selected by default)
2026-06-24 00:22:15 [main] INFO  o.h.e.t.j.p.i.JtaPlatformInitiator - HHH000489: No JTA platform available (set 'hibernate.transaction.jta.platform' to enable JTA platform integration)
2026-06-24 00:22:15 [main] INFO  o.s.o.j.LocalContainerEntityManagerFactoryBean - Initialized JPA EntityManagerFactory for persistence unit 'default'
2026-06-24 00:22:18 [main] DEBUG z.c.f.s.JwtAuthenticationFilter - Filter 'jwtAuthenticationFilter' configured for use
2026-06-24 00:22:19 [main] INFO  o.s.d.j.r.query.QueryEnhancerFactory - Hibernate is in classpath; If applicable, HQL parser will be used.
2026-06-24 00:22:32 [main] INFO  o.s.s.c.a.a.c.InitializeUserDetailsBeanManagerConfigurer$InitializeUserDetailsManagerConfigurer - Global AuthenticationManager configured with UserDetailsService bean with name userDetailsServiceImpl
2026-06-24 00:22:36 [main] INFO  o.s.b.a.e.web.EndpointLinksResolver - Exposing 3 endpoints beneath base path '/actuator'
2026-06-24 00:22:37 [main] DEBUG o.s.s.web.DefaultSecurityFilterChain - Will secure Or [Mvc [pattern='/**']] with filters: DisableEncodeUrlFilter, WebAsyncManagerIntegrationFilter, SecurityContextHolderFilter, HeaderWriterFilter, CorsFilter, LogoutFilter, JwtAuthenticationFilter, RequestCacheAwareFilter, SecurityContextHolderAwareRequestFilter, AnonymousAuthenticationFilter, SessionManagementFilter, ExceptionTranslationFilter, AuthorizationFilter
2026-06-24 00:22:42 [main] INFO  o.s.b.w.e.tomcat.TomcatWebServer - Tomcat started on port 8080 (http) with context path '/'
2026-06-24 00:22:42 [main] INFO  z.c.f.FleetExpenseApplication - Started FleetExpenseApplication in 64.263 seconds (process running for 66.928)
2026-06-24 00:23:31 [http-nio-8080-exec-1] INFO  o.a.c.c.C.[Tomcat].[localhost].[/] - Initializing Spring DispatcherServlet 'dispatcherServlet'
2026-06-24 00:23:31 [http-nio-8080-exec-1] INFO  o.s.web.servlet.DispatcherServlet - Initializing Servlet 'dispatcherServlet'
2026-06-24 00:23:31 [http-nio-8080-exec-1] INFO  o.s.web.servlet.DispatcherServlet - Completed initialization in 12 ms
2026-06-24 00:23:31 [http-nio-8080-exec-1] DEBUG o.s.security.web.FilterChainProxy - Securing HEAD /api/v1
2026-06-24 00:23:31 [http-nio-8080-exec-1] DEBUG o.s.s.w.a.AnonymousAuthenticationFilter - Set SecurityContextHolder to anonymous SecurityContext
2026-06-24 00:23:31 [http-nio-8080-exec-1] DEBUG o.s.s.w.a.Http403ForbiddenEntryPoint - Pre-authenticated entry point called. Rejecting access
2026-06-24 00:23:31 [http-nio-8080-exec-1] DEBUG o.s.security.web.FilterChainProxy - Securing HEAD /error
2026-06-24 00:23:31 [http-nio-8080-exec-1] DEBUG o.s.security.web.FilterChainProxy - Secured HEAD /error
2026-06-24 00:23:31 [http-nio-8080-exec-1] DEBUG o.s.s.w.a.AnonymousAuthenticationFilter - Set SecurityContextHolder to anonymous SecurityContext
2026-06-24 00:26:04 [http-nio-8080-exec-6] DEBUG o.s.security.web.FilterChainProxy - Securing OPTIONS /api/v1/auth/me
2026-06-24 00:26:04 [http-nio-8080-exec-5] DEBUG o.s.security.web.FilterChainProxy - Securing OPTIONS /api/v1/expenses/categories
2026-06-24 00:26:04 [http-nio-8080-exec-4] DEBUG o.s.security.web.FilterChainProxy - Securing OPTIONS /api/v1/vehicles
2026-06-24 00:26:04 [http-nio-8080-exec-2] DEBUG o.s.security.web.FilterChainProxy - Securing OPTIONS /api/v1/alerts/expiry?includeDismissed=true
2026-06-24 00:26:04 [http-nio-8080-exec-7] DEBUG o.s.security.web.FilterChainProxy - Securing OPTIONS /api/v1/alerts/tyre-rotation
2026-06-24 00:26:04 [http-nio-8080-exec-3] DEBUG o.s.security.web.FilterChainProxy - Securing OPTIONS /api/v1/alerts/tyre-rotation
2026-06-24 00:26:04 [http-nio-8080-exec-8] DEBUG o.s.security.web.FilterChainProxy - Securing OPTIONS /api/v1/alerts/expiry?includeDismissed=true
2026-06-24 00:26:04 [http-nio-8080-exec-9] DEBUG o.s.security.web.FilterChainProxy - Securing OPTIONS /api/v1/vehicles
2026-06-24 00:26:04 [http-nio-8080-exec-10] DEBUG o.s.security.web.FilterChainProxy - Securing OPTIONS /api/v1/expenses/categories
2026-06-24 00:26:04 [http-nio-8080-exec-1] DEBUG o.s.security.web.FilterChainProxy - Securing OPTIONS /api/v1/auth/me
2026-06-24 00:26:04 [http-nio-8080-exec-4] DEBUG o.s.security.web.FilterChainProxy - Securing GET /api/v1/vehicles
2026-06-24 00:26:04 [http-nio-8080-exec-5] DEBUG o.s.security.web.FilterChainProxy - Securing GET /api/v1/expenses/categories
2026-06-24 00:26:04 [http-nio-8080-exec-3] DEBUG o.s.security.web.FilterChainProxy - Securing GET /api/v1/auth/me
2026-06-24 00:26:04 [http-nio-8080-exec-7] DEBUG o.s.security.web.FilterChainProxy - Securing GET /api/v1/alerts/tyre-rotation
2026-06-24 00:26:04 [http-nio-8080-exec-6] DEBUG o.s.security.web.FilterChainProxy - Securing GET /api/v1/alerts/expiry?includeDismissed=true
2026-06-24 00:26:05 [http-nio-8080-exec-3] DEBUG o.s.security.web.FilterChainProxy - Secured GET /api/v1/auth/me
2026-06-24 00:26:05 [http-nio-8080-exec-6] DEBUG o.s.security.web.FilterChainProxy - Secured GET /api/v1/alerts/expiry?includeDismissed=true
2026-06-24 00:26:05 [http-nio-8080-exec-7] DEBUG o.s.security.web.FilterChainProxy - Secured GET /api/v1/alerts/tyre-rotation
2026-06-24 00:26:05 [http-nio-8080-exec-5] DEBUG o.s.security.web.FilterChainProxy - Secured GET /api/v1/expenses/categories
2026-06-24 00:26:05 [http-nio-8080-exec-4] DEBUG o.s.security.web.FilterChainProxy - Secured GET /api/v1/vehicles
2026-06-24 00:26:05 [http-nio-8080-exec-2] DEBUG o.s.security.web.FilterChainProxy - Securing GET /api/v1/auth/me
2026-06-24 00:26:05 [http-nio-8080-exec-8] DEBUG o.s.security.web.FilterChainProxy - Securing GET /api/v1/expenses/categories
2026-06-24 00:26:05 [http-nio-8080-exec-8] DEBUG o.s.security.web.FilterChainProxy - Secured GET /api/v1/expenses/categories
2026-06-24 00:26:05 [http-nio-8080-exec-2] DEBUG o.s.security.web.FilterChainProxy - Secured GET /api/v1/auth/me
2026-06-24 00:26:06 [http-nio-8080-exec-7] DEBUG o.s.security.web.FilterChainProxy - Securing GET /api/v1/alerts/tyre-rotation
2026-06-24 00:26:06 [http-nio-8080-exec-7] DEBUG o.s.security.web.FilterChainProxy - Secured GET /api/v1/alerts/tyre-rotation
2026-06-24 00:26:06 [http-nio-8080-exec-6] INFO  z.c.f.service.ExpiryAlertService - Mapping alert to DTO - id: 2655dfe9-6ffe-4295-9880-2bb318769674, itemType: TYRE_ROTATION, itemId: fbfc2c6b-053a-4291-bd37-137fab30bfaa, itemName: Tyre Rotation
2026-06-24 00:26:06 [http-nio-8080-exec-6] INFO  z.c.f.service.ExpiryAlertService - Mapping alert to DTO - id: ba9769ad-84a0-45c2-86c5-cdb292c5b011, itemType: TYRE_ROTATION, itemId: df038f1d-268d-49c4-91b0-e1e071e00501, itemName: Tyre Rotation
2026-06-24 00:26:06 [http-nio-8080-exec-6] INFO  z.c.f.service.ExpiryAlertService - Mapping alert to DTO - id: d2951ef5-6b92-407f-9c49-7f1ee0047ac9, itemType: VEHICLE_LICENSE, itemId: 270e0568-7a93-4014-8779-9b4c636294af, itemName: Vehicle License Renewal
2026-06-24 00:26:06 [http-nio-8080-exec-6] INFO  z.c.f.service.ExpiryAlertService - Mapping alert to DTO - id: 55a1cc7c-f8b4-497d-af4f-a9fa58b44358, itemType: VEHICLE_LICENSE, itemId: 858e4de7-1039-4c13-92ee-95cf3780a7d2, itemName: Vehicle License Renewal
2026-06-24 00:26:06 [http-nio-8080-exec-6] INFO  z.c.f.service.ExpiryAlertService - Mapping alert to DTO - id: 92a4e4fc-ec4c-431e-86f0-64eb4007aaec, itemType: VEHICLE_LICENSE, itemId: 6bdfedbb-7876-40c9-b6c2-023134ea9aa6, itemName: Vehicle License Renewal
2026-06-24 00:26:06 [http-nio-8080-exec-6] INFO  z.c.f.service.ExpiryAlertService - Mapping alert to DTO - id: f9969888-30c8-4f7b-a7fe-277701b44602, itemType: VEHICLE_LICENSE, itemId: 43fb1d2a-4cdf-4974-b336-2abc117eb1f5, itemName: Vehicle License Renewal
2026-06-24 00:26:06 [http-nio-8080-exec-6] INFO  z.c.f.service.ExpiryAlertService - Mapping alert to DTO - id: 26a68003-298f-40c4-9bac-002623264695, itemType: VEHICLE_LICENSE, itemId: 2a0cd77c-739a-4045-a6bd-5606a3c82f8d, itemName: Vehicle License Renewal
2026-06-24 00:26:06 [http-nio-8080-exec-6] INFO  z.c.f.service.ExpiryAlertService - Mapping alert to DTO - id: 8066ac8b-3944-427e-8e33-e0b6497b3950, itemType: TRACKING_CONTRACT, itemId: 82653570-c4a5-4709-be9a-e213a36b3ae7, itemName: Tracking Device
2026-06-24 00:26:06 [http-nio-8080-exec-6] INFO  z.c.f.service.ExpiryAlertService - Mapping alert to DTO - id: 9cddf971-497a-4100-b2dd-b777c700ab1d, itemType: TYRE_ROTATION, itemId: a5b8d362-c7af-42ba-8bdb-665841eb3875, itemName: Tyre Rotation
2026-06-24 00:26:06 [http-nio-8080-exec-6] INFO  z.c.f.service.ExpiryAlertService - Mapping alert to DTO - id: 118f0e46-4b4b-4706-9bc4-dcdf0586ecdb, itemType: TYRE_ROTATION, itemId: da4cf9bd-4243-4641-96e5-852dc92eb2f9, itemName: Tyre Rotation
2026-06-24 00:26:06 [http-nio-8080-exec-6] INFO  z.c.f.service.ExpiryAlertService - Mapping alert to DTO - id: db67eca6-bab9-4de4-8129-55df545e054b, itemType: TYRE_ROTATION, itemId: 34988211-7e9f-4d5f-a0f7-d80cb853c718, itemName: Tyre Rotation
2026-06-24 00:26:06 [http-nio-8080-exec-6] INFO  z.c.f.service.ExpiryAlertService - Mapping alert to DTO - id: 2dc6f611-9137-4614-b967-feafd42968d7, itemType: INSURANCE, itemId: 48c53e03-7341-4025-89fc-91f45cd61961, itemName: Insurance Premium
2026-06-24 00:26:06 [http-nio-8080-exec-6] INFO  z.c.f.service.ExpiryAlertService - Mapping alert to DTO - id: 395a0e1f-1f8b-4f7e-88b7-3fed1be38e06, itemType: INSURANCE, itemId: 70bf6cce-fc3e-482f-adc4-c655d8251464, itemName: Insurance Premium
2026-06-24 00:26:06 [http-nio-8080-exec-6] INFO  z.c.f.service.ExpiryAlertService - Mapping alert to DTO - id: a62b096b-a14e-4166-910c-f43848753d6c, itemType: INSURANCE, itemId: 7ebed43b-cb23-4d48-ba67-8b2d4e55d53e, itemName: Insurance Premium
2026-06-24 00:26:06 [http-nio-8080-exec-6] INFO  z.c.f.service.ExpiryAlertService - Mapping alert to DTO - id: 7fc10289-f336-4d57-922a-25a418d51ac5, itemType: INSURANCE, itemId: ea7b2183-198f-4619-86cb-ee571cef990d, itemName: Insurance Premium
2026-06-24 00:26:06 [http-nio-8080-exec-6] INFO  z.c.f.service.ExpiryAlertService - Mapping alert to DTO - id: b5e4d071-0469-443f-bd40-d48a5f253498, itemType: VEHICLE_LICENSE, itemId: 32450b41-ddf4-4d10-995e-505617156ecb, itemName: Vehicle License Renewal
2026-06-24 00:26:06 [http-nio-8080-exec-6] INFO  z.c.f.service.ExpiryAlertService - Mapping alert to DTO - id: 4b6a3b63-8560-4201-8a78-d47dd233b1d0, itemType: VEHICLE_LICENSE, itemId: 63227a50-62fe-4c56-9668-89dfb46d840a, itemName: Vehicle License Renewal
2026-06-24 00:26:06 [http-nio-8080-exec-6] INFO  z.c.f.service.ExpiryAlertService - Mapping alert to DTO - id: fb3cefb6-70fb-49c2-af8c-b7c05b234234, itemType: VEHICLE_LICENSE, itemId: 8dec0e03-ec7c-48b5-8b24-7fe0e735a173, itemName: Vehicle License Renewal
2026-06-24 00:26:06 [http-nio-8080-exec-6] INFO  z.c.f.service.ExpiryAlertService - Mapping alert to DTO - id: 944345ee-b238-4b51-9cb1-409954ec5614, itemType: ROADWORTHY, itemId: 99093c10-1ec2-4ed4-979b-7e230bc56927, itemName: Roadworthy Certificate
2026-06-24 00:26:06 [http-nio-8080-exec-6] INFO  z.c.f.service.ExpiryAlertService - Mapping alert to DTO - id: 068b89c4-c7b8-4c04-8d05-52ae03d9b922, itemType: ROADWORTHY, itemId: ec4ab7ae-b146-4e5d-92c6-bd0238642e89, itemName: Roadworthy Certificate
2026-06-24 00:26:06 [http-nio-8080-exec-6] INFO  z.c.f.service.ExpiryAlertService - Mapping alert to DTO - id: b8e7809a-f0c4-4d53-982d-7702331ebbd6, itemType: TIRES, itemId: 768c6991-68e7-4607-bcb1-6394c0db784c, itemName: Tyre Replacement
2026-06-24 00:26:06 [http-nio-8080-exec-6] INFO  z.c.f.service.ExpiryAlertService - Mapping alert to DTO - id: 3a1ef986-b26d-4f0b-8a27-664aceebaf19, itemType: TIRES, itemId: da52bc61-f176-4fba-88be-e0b27b2e0b19, itemName: Tyre Replacement
2026-06-24 00:26:06 [http-nio-8080-exec-6] INFO  z.c.f.service.ExpiryAlertService - Mapping alert to DTO - id: 570ad643-a5bd-42de-96d7-dbcbf88d9643, itemType: TIRES, itemId: de7ce175-a11e-40d1-8ce4-6e37a3df7596, itemName: Tyre Replacement
2026-06-24 00:26:06 [http-nio-8080-exec-6] INFO  z.c.f.service.ExpiryAlertService - Mapping alert to DTO - id: 5f8c68a1-2711-40ff-9870-b8ffbd547767, itemType: TIRES, itemId: 3e09a300-ac94-413b-b90f-f0ab6c7347b8, itemName: Tyre Replacement
2026-06-24 00:26:06 [http-nio-8080-exec-6] INFO  z.c.f.service.ExpiryAlertService - Mapping alert to DTO - id: 60128630-99ff-44ba-89ad-fcdd5c25e2d6, itemType: TIRES, itemId: be8649a0-4a44-4d71-8c6c-c540b39e353c, itemName: Tyre Replacement
2026-06-24 00:26:06 [http-nio-8080-exec-6] INFO  z.c.f.service.ExpiryAlertService - Mapping alert to DTO - id: 9d080167-c124-4215-abe1-5a4d572b861d, itemType: TIRES, itemId: 01457454-6e00-42ab-a8e9-b0655eb599ce, itemName: Tyre Replacement
2026-06-24 00:26:06 [http-nio-8080-exec-6] INFO  z.c.f.service.ExpiryAlertService - Mapping alert to DTO - id: bb102dab-797d-4863-a6c0-01b967cb8f1c, itemType: TIRES, itemId: b7c8c54c-1805-4ef8-9f62-360ea32ce798, itemName: Tyre Replacement
2026-06-24 00:26:06 [http-nio-8080-exec-6] INFO  z.c.f.service.ExpiryAlertService - Mapping alert to DTO - id: 8b918cf2-3fe9-4f8a-852b-07bace3547b6, itemType: VEHICLE_TRACKING, itemId: 54d05c7f-e5c5-4f0f-9e44-d498469bf099, itemName: Vehicle Tracking
2026-06-24 00:26:06 [http-nio-8080-exec-6] INFO  z.c.f.service.ExpiryAlertService - Mapping alert to DTO - id: 482bb209-109e-497e-b459-896ddefc4b52, itemType: MECHANIC_SERVICE, itemId: 0c80e8e2-dca1-4890-958b-c321650536d5, itemName: Mechanic Service
2026-06-24 00:26:06 [http-nio-8080-exec-6] INFO  z.c.f.service.ExpiryAlertService - Mapping alert to DTO - id: b8647c4c-73e0-426f-8868-57161231649b, itemType: MECHANIC_SERVICE, itemId: 5c516f6b-1e24-465a-a9f0-197bbacbc353, itemName: Mechanic Service
2026-06-24 00:26:06 [http-nio-8080-exec-6] INFO  z.c.f.service.ExpiryAlertService - Mapping alert to DTO - id: 057384b8-eb3b-416c-8d34-1dca12d26fbb, itemType: TIRES, itemId: 9ef6e983-a600-4c53-83c8-1b261cdb6f42, itemName: Tyre Replacement
2026-06-24 00:26:06 [http-nio-8080-exec-6] INFO  z.c.f.service.ExpiryAlertService - Mapping alert to DTO - id: 033ae5d4-1c18-477b-94fe-53bec330ca3d, itemType: TIRES, itemId: 60ee0304-6627-44a1-b80e-fc40ce08d15f, itemName: Tyre Replacement
2026-06-24 00:26:06 [http-nio-8080-exec-6] INFO  z.c.f.service.ExpiryAlertService - Mapping alert to DTO - id: 7fbf2d2b-573e-49e2-80c1-68aeaa6bd254, itemType: TIRES, itemId: 735f35e1-37ac-45a0-930f-e9302d13cac0, itemName: Tyre Replacement
2026-06-24 00:26:06 [http-nio-8080-exec-6] INFO  z.c.f.service.ExpiryAlertService - Mapping alert to DTO - id: 57c61b71-60b6-4086-9e5b-752d07990082, itemType: TIRES, itemId: 56a8e2ee-8e26-4d03-9724-5bf4af96339a, itemName: Tyre Replacement
2026-06-24 00:26:06 [http-nio-8080-exec-6] INFO  z.c.f.service.ExpiryAlertService - Mapping alert to DTO - id: 0ebbc38c-cfd1-4138-a8bb-b47cf34f4f75, itemType: TIRES, itemId: 7d4dd617-a512-4db9-8f27-71dd176ba258, itemName: Tyre Replacement
2026-06-24 00:26:06 [http-nio-8080-exec-6] INFO  z.c.f.service.ExpiryAlertService - Mapping alert to DTO - id: 4eac2da9-e168-43be-981e-287c258003f3, itemType: VEHICLE_TRACKING, itemId: 7595d26c-d6af-46fa-a6fc-57da91790364, itemName: Vehicle Tracking
2026-06-24 00:26:06 [http-nio-8080-exec-6] INFO  z.c.f.service.ExpiryAlertService - Mapping alert to DTO - id: 400730e9-fbb9-44a5-b694-40807748b45c, itemType: MECHANIC_SERVICE, itemId: 9da6c992-efd1-40a6-beb3-5fb6d85e4718, itemName: Mechanic Service
2026-06-24 00:26:06 [http-nio-8080-exec-6] INFO  z.c.f.service.ExpiryAlertService - Mapping alert to DTO - id: 8c3e4dcc-2956-4660-b46c-8b9b1e7ffb37, itemType: VEHICLE_TRACKING, itemId: 2feda3d3-3b59-42dd-b62a-f495aaca1cb2, itemName: Vehicle Tracking
2026-06-24 00:26:06 [http-nio-8080-exec-6] INFO  z.c.f.service.ExpiryAlertService - Mapping alert to DTO - id: dc58106d-64cd-4262-b229-ed8272d1a4d5, itemType: MECHANIC_SERVICE, itemId: efe2511f-5f98-41ff-ae7b-9b2c08bf0a68, itemName: Mechanic Service
2026-06-24 00:26:06 [http-nio-8080-exec-6] INFO  z.c.f.service.ExpiryAlertService - Mapping alert to DTO - id: dd5d51e1-49e8-4aff-ab4e-8c71c60775b7, itemType: TIRES, itemId: 219a4a15-d5a3-46d5-b7ac-29b861d08893, itemName: Tyre Replacement
2026-06-24 00:26:06 [http-nio-8080-exec-6] INFO  z.c.f.service.ExpiryAlertService - Mapping alert to DTO - id: bcb7a1b3-0f68-4c13-ac34-d75229487fbc, itemType: ROADWORTHY, itemId: 853a311e-0e10-4281-8809-7a7fc161bafc, itemName: Roadworthy Certificate
2026-06-24 00:26:06 [http-nio-8080-exec-6] INFO  z.c.f.service.ExpiryAlertService - Mapping alert to DTO - id: 209a4af3-aecb-4100-b956-8b82b46cab55, itemType: ROADWORTHY, itemId: 5d6f80cf-9712-4125-be86-418c5970e630, itemName: Roadworthy Certificate
2026-06-24 00:26:06 [http-nio-8080-exec-6] INFO  z.c.f.service.ExpiryAlertService - Mapping alert to DTO - id: 6ecf6f83-b29d-42ce-a256-82b5a84ff2f7, itemType: INSURANCE, itemId: 647e0195-e803-4331-b14a-185b289e9468, itemName: Insurance Premium
2026-06-24 00:26:06 [http-nio-8080-exec-6] INFO  z.c.f.service.ExpiryAlertService - Mapping alert to DTO - id: 2ce25224-7769-4101-bbeb-f43013f829c2, itemType: VEHICLE_TRACKING, itemId: fb394717-2f7f-40d9-a32b-90ff10774909, itemName: Vehicle Tracking
2026-06-24 00:26:06 [http-nio-8080-exec-10] DEBUG o.s.security.web.FilterChainProxy - Securing GET /api/v1/vehicles
2026-06-24 00:26:06 [http-nio-8080-exec-10] DEBUG o.s.security.web.FilterChainProxy - Secured GET /api/v1/vehicles
2026-06-24 00:26:06 [http-nio-8080-exec-1] DEBUG o.s.security.web.FilterChainProxy - Securing GET /api/v1/alerts/expiry?includeDismissed=true
2026-06-24 00:26:06 [http-nio-8080-exec-1] DEBUG o.s.security.web.FilterChainProxy - Secured GET /api/v1/alerts/expiry?includeDismissed=true
2026-06-24 00:26:06 [http-nio-8080-exec-1] INFO  z.c.f.service.ExpiryAlertService - Mapping alert to DTO - id: 2655dfe9-6ffe-4295-9880-2bb318769674, itemType: TYRE_ROTATION, itemId: fbfc2c6b-053a-4291-bd37-137fab30bfaa, itemName: Tyre Rotation
2026-06-24 00:26:06 [http-nio-8080-exec-1] INFO  z.c.f.service.ExpiryAlertService - Mapping alert to DTO - id: ba9769ad-84a0-45c2-86c5-cdb292c5b011, itemType: TYRE_ROTATION, itemId: df038f1d-268d-49c4-91b0-e1e071e00501, itemName: Tyre Rotation
2026-06-24 00:26:06 [http-nio-8080-exec-1] INFO  z.c.f.service.ExpiryAlertService - Mapping alert to DTO - id: d2951ef5-6b92-407f-9c49-7f1ee0047ac9, itemType: VEHICLE_LICENSE, itemId: 270e0568-7a93-4014-8779-9b4c636294af, itemName: Vehicle License Renewal
2026-06-24 00:26:06 [http-nio-8080-exec-1] INFO  z.c.f.service.ExpiryAlertService - Mapping alert to DTO - id: 55a1cc7c-f8b4-497d-af4f-a9fa58b44358, itemType: VEHICLE_LICENSE, itemId: 858e4de7-1039-4c13-92ee-95cf3780a7d2, itemName: Vehicle License Renewal
2026-06-24 00:26:06 [http-nio-8080-exec-1] INFO  z.c.f.service.ExpiryAlertService - Mapping alert to DTO - id: 92a4e4fc-ec4c-431e-86f0-64eb4007aaec, itemType: VEHICLE_LICENSE, itemId: 6bdfedbb-7876-40c9-b6c2-023134ea9aa6, itemName: Vehicle License Renewal
2026-06-24 00:26:06 [http-nio-8080-exec-1] INFO  z.c.f.service.ExpiryAlertService - Mapping alert to DTO - id: f9969888-30c8-4f7b-a7fe-277701b44602, itemType: VEHICLE_LICENSE, itemId: 43fb1d2a-4cdf-4974-b336-2abc117eb1f5, itemName: Vehicle License Renewal
2026-06-24 00:26:06 [http-nio-8080-exec-1] INFO  z.c.f.service.ExpiryAlertService - Mapping alert to DTO - id: 26a68003-298f-40c4-9bac-002623264695, itemType: VEHICLE_LICENSE, itemId: 2a0cd77c-739a-4045-a6bd-5606a3c82f8d, itemName: Vehicle License Renewal
2026-06-24 00:26:06 [http-nio-8080-exec-1] INFO  z.c.f.service.ExpiryAlertService - Mapping alert to DTO - id: 8066ac8b-3944-427e-8e33-e0b6497b3950, itemType: TRACKING_CONTRACT, itemId: 82653570-c4a5-4709-be9a-e213a36b3ae7, itemName: Tracking Device
2026-06-24 00:26:06 [http-nio-8080-exec-1] INFO  z.c.f.service.ExpiryAlertService - Mapping alert to DTO - id: 9cddf971-497a-4100-b2dd-b777c700ab1d, itemType: TYRE_ROTATION, itemId: a5b8d362-c7af-42ba-8bdb-665841eb3875, itemName: Tyre Rotation
2026-06-24 00:26:06 [http-nio-8080-exec-1] INFO  z.c.f.service.ExpiryAlertService - Mapping alert to DTO - id: 118f0e46-4b4b-4706-9bc4-dcdf0586ecdb, itemType: TYRE_ROTATION, itemId: da4cf9bd-4243-4641-96e5-852dc92eb2f9, itemName: Tyre Rotation
2026-06-24 00:26:06 [http-nio-8080-exec-1] INFO  z.c.f.service.ExpiryAlertService - Mapping alert to DTO - id: db67eca6-bab9-4de4-8129-55df545e054b, itemType: TYRE_ROTATION, itemId: 34988211-7e9f-4d5f-a0f7-d80cb853c718, itemName: Tyre Rotation
2026-06-24 00:26:06 [http-nio-8080-exec-1] INFO  z.c.f.service.ExpiryAlertService - Mapping alert to DTO - id: 2dc6f611-9137-4614-b967-feafd42968d7, itemType: INSURANCE, itemId: 48c53e03-7341-4025-89fc-91f45cd61961, itemName: Insurance Premium
2026-06-24 00:26:06 [http-nio-8080-exec-1] INFO  z.c.f.service.ExpiryAlertService - Mapping alert to DTO - id: 395a0e1f-1f8b-4f7e-88b7-3fed1be38e06, itemType: INSURANCE, itemId: 70bf6cce-fc3e-482f-adc4-c655d8251464, itemName: Insurance Premium
2026-06-24 00:26:06 [http-nio-8080-exec-1] INFO  z.c.f.service.ExpiryAlertService - Mapping alert to DTO - id: a62b096b-a14e-4166-910c-f43848753d6c, itemType: INSURANCE, itemId: 7ebed43b-cb23-4d48-ba67-8b2d4e55d53e, itemName: Insurance Premium
2026-06-24 00:26:06 [http-nio-8080-exec-1] INFO  z.c.f.service.ExpiryAlertService - Mapping alert to DTO - id: 7fc10289-f336-4d57-922a-25a418d51ac5, itemType: INSURANCE, itemId: ea7b2183-198f-4619-86cb-ee571cef990d, itemName: Insurance Premium
2026-06-24 00:26:06 [http-nio-8080-exec-1] INFO  z.c.f.service.ExpiryAlertService - Mapping alert to DTO - id: b5e4d071-0469-443f-bd40-d48a5f253498, itemType: VEHICLE_LICENSE, itemId: 32450b41-ddf4-4d10-995e-505617156ecb, itemName: Vehicle License Renewal
2026-06-24 00:26:06 [http-nio-8080-exec-1] INFO  z.c.f.service.ExpiryAlertService - Mapping alert to DTO - id: 4b6a3b63-8560-4201-8a78-d47dd233b1d0, itemType: VEHICLE_LICENSE, itemId: 63227a50-62fe-4c56-9668-89dfb46d840a, itemName: Vehicle License Renewal
2026-06-24 00:26:06 [http-nio-8080-exec-1] INFO  z.c.f.service.ExpiryAlertService - Mapping alert to DTO - id: fb3cefb6-70fb-49c2-af8c-b7c05b234234, itemType: VEHICLE_LICENSE, itemId: 8dec0e03-ec7c-48b5-8b24-7fe0e735a173, itemName: Vehicle License Renewal
2026-06-24 00:26:06 [http-nio-8080-exec-1] INFO  z.c.f.service.ExpiryAlertService - Mapping alert to DTO - id: 944345ee-b238-4b51-9cb1-409954ec5614, itemType: ROADWORTHY, itemId: 99093c10-1ec2-4ed4-979b-7e230bc56927, itemName: Roadworthy Certificate
2026-06-24 00:26:06 [http-nio-8080-exec-1] INFO  z.c.f.service.ExpiryAlertService - Mapping alert to DTO - id: 068b89c4-c7b8-4c04-8d05-52ae03d9b922, itemType: ROADWORTHY, itemId: ec4ab7ae-b146-4e5d-92c6-bd0238642e89, itemName: Roadworthy Certificate
2026-06-24 00:26:06 [http-nio-8080-exec-1] INFO  z.c.f.service.ExpiryAlertService - Mapping alert to DTO - id: b8e7809a-f0c4-4d53-982d-7702331ebbd6, itemType: TIRES, itemId: 768c6991-68e7-4607-bcb1-6394c0db784c, itemName: Tyre Replacement
2026-06-24 00:26:06 [http-nio-8080-exec-1] INFO  z.c.f.service.ExpiryAlertService - Mapping alert to DTO - id: 3a1ef986-b26d-4f0b-8a27-664aceebaf19, itemType: TIRES, itemId: da52bc61-f176-4fba-88be-e0b27b2e0b19, itemName: Tyre Replacement
2026-06-24 00:26:06 [http-nio-8080-exec-1] INFO  z.c.f.service.ExpiryAlertService - Mapping alert to DTO - id: 570ad643-a5bd-42de-96d7-dbcbf88d9643, itemType: TIRES, itemId: de7ce175-a11e-40d1-8ce4-6e37a3df7596, itemName: Tyre Replacement
2026-06-24 00:26:06 [http-nio-8080-exec-1] INFO  z.c.f.service.ExpiryAlertService - Mapping alert to DTO - id: 5f8c68a1-2711-40ff-9870-b8ffbd547767, itemType: TIRES, itemId: 3e09a300-ac94-413b-b90f-f0ab6c7347b8, itemName: Tyre Replacement
2026-06-24 00:26:06 [http-nio-8080-exec-1] INFO  z.c.f.service.ExpiryAlertService - Mapping alert to DTO - id: 60128630-99ff-44ba-89ad-fcdd5c25e2d6, itemType: TIRES, itemId: be8649a0-4a44-4d71-8c6c-c540b39e353c, itemName: Tyre Replacement
2026-06-24 00:26:06 [http-nio-8080-exec-1] INFO  z.c.f.service.ExpiryAlertService - Mapping alert to DTO - id: 9d080167-c124-4215-abe1-5a4d572b861d, itemType: TIRES, itemId: 01457454-6e00-42ab-a8e9-b0655eb599ce, itemName: Tyre Replacement
2026-06-24 00:26:06 [http-nio-8080-exec-1] INFO  z.c.f.service.ExpiryAlertService - Mapping alert to DTO - id: bb102dab-797d-4863-a6c0-01b967cb8f1c, itemType: TIRES, itemId: b7c8c54c-1805-4ef8-9f62-360ea32ce798, itemName: Tyre Replacement
2026-06-24 00:26:06 [http-nio-8080-exec-1] INFO  z.c.f.service.ExpiryAlertService - Mapping alert to DTO - id: 8b918cf2-3fe9-4f8a-852b-07bace3547b6, itemType: VEHICLE_TRACKING, itemId: 54d05c7f-e5c5-4f0f-9e44-d498469bf099, itemName: Vehicle Tracking
2026-06-24 00:26:06 [http-nio-8080-exec-1] INFO  z.c.f.service.ExpiryAlertService - Mapping alert to DTO - id: 482bb209-109e-497e-b459-896ddefc4b52, itemType: MECHANIC_SERVICE, itemId: 0c80e8e2-dca1-4890-958b-c321650536d5, itemName: Mechanic Service
2026-06-24 00:26:06 [http-nio-8080-exec-1] INFO  z.c.f.service.ExpiryAlertService - Mapping alert to DTO - id: b8647c4c-73e0-426f-8868-57161231649b, itemType: MECHANIC_SERVICE, itemId: 5c516f6b-1e24-465a-a9f0-197bbacbc353, itemName: Mechanic Service
2026-06-24 00:26:06 [http-nio-8080-exec-1] INFO  z.c.f.service.ExpiryAlertService - Mapping alert to DTO - id: 057384b8-eb3b-416c-8d34-1dca12d26fbb, itemType: TIRES, itemId: 9ef6e983-a600-4c53-83c8-1b261cdb6f42, itemName: Tyre Replacement
2026-06-24 00:26:06 [http-nio-8080-exec-1] INFO  z.c.f.service.ExpiryAlertService - Mapping alert to DTO - id: 033ae5d4-1c18-477b-94fe-53bec330ca3d, itemType: TIRES, itemId: 60ee0304-6627-44a1-b80e-fc40ce08d15f, itemName: Tyre Replacement
2026-06-24 00:26:06 [http-nio-8080-exec-1] INFO  z.c.f.service.ExpiryAlertService - Mapping alert to DTO - id: 7fbf2d2b-573e-49e2-80c1-68aeaa6bd254, itemType: TIRES, itemId: 735f35e1-37ac-45a0-930f-e9302d13cac0, itemName: Tyre Replacement
2026-06-24 00:26:06 [http-nio-8080-exec-1] INFO  z.c.f.service.ExpiryAlertService - Mapping alert to DTO - id: 57c61b71-60b6-4086-9e5b-752d07990082, itemType: TIRES, itemId: 56a8e2ee-8e26-4d03-9724-5bf4af96339a, itemName: Tyre Replacement
2026-06-24 00:26:06 [http-nio-8080-exec-1] INFO  z.c.f.service.ExpiryAlertService - Mapping alert to DTO - id: 0ebbc38c-cfd1-4138-a8bb-b47cf34f4f75, itemType: TIRES, itemId: 7d4dd617-a512-4db9-8f27-71dd176ba258, itemName: Tyre Replacement
2026-06-24 00:26:06 [http-nio-8080-exec-1] INFO  z.c.f.service.ExpiryAlertService - Mapping alert to DTO - id: 4eac2da9-e168-43be-981e-287c258003f3, itemType: VEHICLE_TRACKING, itemId: 7595d26c-d6af-46fa-a6fc-57da91790364, itemName: Vehicle Tracking
2026-06-24 00:26:06 [http-nio-8080-exec-1] INFO  z.c.f.service.ExpiryAlertService - Mapping alert to DTO - id: 400730e9-fbb9-44a5-b694-40807748b45c, itemType: MECHANIC_SERVICE, itemId: 9da6c992-efd1-40a6-beb3-5fb6d85e4718, itemName: Mechanic Service
2026-06-24 00:26:06 [http-nio-8080-exec-1] INFO  z.c.f.service.ExpiryAlertService - Mapping alert to DTO - id: 8c3e4dcc-2956-4660-b46c-8b9b1e7ffb37, itemType: VEHICLE_TRACKING, itemId: 2feda3d3-3b59-42dd-b62a-f495aaca1cb2, itemName: Vehicle Tracking
2026-06-24 00:26:06 [http-nio-8080-exec-1] INFO  z.c.f.service.ExpiryAlertService - Mapping alert to DTO - id: dc58106d-64cd-4262-b229-ed8272d1a4d5, itemType: MECHANIC_SERVICE, itemId: efe2511f-5f98-41ff-ae7b-9b2c08bf0a68, itemName: Mechanic Service
2026-06-24 00:26:06 [http-nio-8080-exec-1] INFO  z.c.f.service.ExpiryAlertService - Mapping alert to DTO - id: dd5d51e1-49e8-4aff-ab4e-8c71c60775b7, itemType: TIRES, itemId: 219a4a15-d5a3-46d5-b7ac-29b861d08893, itemName: Tyre Replacement
2026-06-24 00:26:06 [http-nio-8080-exec-1] INFO  z.c.f.service.ExpiryAlertService - Mapping alert to DTO - id: bcb7a1b3-0f68-4c13-ac34-d75229487fbc, itemType: ROADWORTHY, itemId: 853a311e-0e10-4281-8809-7a7fc161bafc, itemName: Roadworthy Certificate
2026-06-24 00:26:06 [http-nio-8080-exec-1] INFO  z.c.f.service.ExpiryAlertService - Mapping alert to DTO - id: 209a4af3-aecb-4100-b956-8b82b46cab55, itemType: ROADWORTHY, itemId: 5d6f80cf-9712-4125-be86-418c5970e630, itemName: Roadworthy Certificate
2026-06-24 00:26:06 [http-nio-8080-exec-1] INFO  z.c.f.service.ExpiryAlertService - Mapping alert to DTO - id: 6ecf6f83-b29d-42ce-a256-82b5a84ff2f7, itemType: INSURANCE, itemId: 647e0195-e803-4331-b14a-185b289e9468, itemName: Insurance Premium
2026-06-24 00:26:06 [http-nio-8080-exec-1] INFO  z.c.f.service.ExpiryAlertService - Mapping alert to DTO - id: 2ce25224-7769-4101-bbeb-f43013f829c2, itemType: VEHICLE_TRACKING, itemId: fb394717-2f7f-40d9-a32b-90ff10774909, itemName: Vehicle Tracking
2026-06-24 00:26:07 [http-nio-8080-exec-3] DEBUG o.s.security.web.FilterChainProxy - Securing OPTIONS /api/v1/compliance/odometer/status/1a5a214c-2971-4409-b983-72849019dfd4
2026-06-24 00:26:07 [http-nio-8080-exec-5] DEBUG o.s.security.web.FilterChainProxy - Securing OPTIONS /api/v1/vehicles/1a5a214c-2971-4409-b983-72849019dfd4/fuel-stats/consumption-alert
2026-06-24 00:26:07 [http-nio-8080-exec-8] DEBUG o.s.security.web.FilterChainProxy - Securing OPTIONS /api/v1/compliance/odometer?taxYear=2026
2026-06-24 00:26:07 [http-nio-8080-exec-2] DEBUG o.s.security.web.FilterChainProxy - Securing OPTIONS /api/v1/vehicles/1a5a214c-2971-4409-b983-72849019dfd4/fuel-stats
2026-06-24 00:26:07 [http-nio-8080-exec-7] DEBUG o.s.security.web.FilterChainProxy - Securing GET /api/v1/compliance/odometer?taxYear=2026
2026-06-24 00:26:07 [http-nio-8080-exec-9] DEBUG o.s.security.web.FilterChainProxy - Securing GET /api/v1/compliance/odometer/status/1a5a214c-2971-4409-b983-72849019dfd4
2026-06-24 00:26:07 [http-nio-8080-exec-4] DEBUG o.s.security.web.FilterChainProxy - Securing GET /api/v1/vehicles/1a5a214c-2971-4409-b983-72849019dfd4/fuel-stats/consumption-alert
2026-06-24 00:26:07 [http-nio-8080-exec-6] DEBUG o.s.security.web.FilterChainProxy - Securing GET /api/v1/vehicles/1a5a214c-2971-4409-b983-72849019dfd4/fuel-stats
2026-06-24 00:26:07 [http-nio-8080-exec-10] DEBUG o.s.security.web.FilterChainProxy - Securing OPTIONS /api/v1/expenses
2026-06-24 00:26:07 [http-nio-8080-exec-1] DEBUG o.s.security.web.FilterChainProxy - Securing OPTIONS /api/v1/trips/summary?vehicleId=1a5a214c-2971-4409-b983-72849019dfd4
2026-06-24 00:26:07 [http-nio-8080-exec-3] DEBUG o.s.security.web.FilterChainProxy - Securing GET /api/v1/expenses
2026-06-24 00:26:07 [http-nio-8080-exec-5] DEBUG o.s.security.web.FilterChainProxy - Securing OPTIONS /api/v1/fuel-logs/vehicle/1a5a214c-2971-4409-b983-72849019dfd4
2026-06-24 00:26:07 [http-nio-8080-exec-9] DEBUG o.s.security.web.FilterChainProxy - Secured GET /api/v1/compliance/odometer/status/1a5a214c-2971-4409-b983-72849019dfd4
2026-06-24 00:26:07 [http-nio-8080-exec-6] DEBUG o.s.security.web.FilterChainProxy - Secured GET /api/v1/vehicles/1a5a214c-2971-4409-b983-72849019dfd4/fuel-stats
2026-06-24 00:26:07 [http-nio-8080-exec-8] DEBUG o.s.security.web.FilterChainProxy - Securing GET /api/v1/trips/summary?vehicleId=1a5a214c-2971-4409-b983-72849019dfd4
2026-06-24 00:26:07 [http-nio-8080-exec-7] DEBUG o.s.security.web.FilterChainProxy - Secured GET /api/v1/compliance/odometer?taxYear=2026
2026-06-24 00:26:07 [http-nio-8080-exec-4] DEBUG o.s.security.web.FilterChainProxy - Secured GET /api/v1/vehicles/1a5a214c-2971-4409-b983-72849019dfd4/fuel-stats/consumption-alert
2026-06-24 00:26:07 [http-nio-8080-exec-3] DEBUG o.s.security.web.FilterChainProxy - Secured GET /api/v1/expenses
2026-06-24 00:26:07 [http-nio-8080-exec-3] INFO  z.c.f.controller.ExpenseController - GET /expenses - orgId: faae0fb1-3a71-476c-9f98-10bf811a7fd8, userId: c8061ec4-99d5-4362-a6e7-4c6e5b581484, role: ADMIN, organizationMode: SOLO, category: null, vehicleId: null, startDate: null, endDate: null
2026-06-24 00:26:07 [http-nio-8080-exec-8] DEBUG o.s.security.web.FilterChainProxy - Secured GET /api/v1/trips/summary?vehicleId=1a5a214c-2971-4409-b983-72849019dfd4
2026-06-24 00:26:07 [http-nio-8080-exec-3] INFO  z.c.f.service.ExpenseService - getAllByOrganization - orgId: faae0fb1-3a71-476c-9f98-10bf811a7fd8, userId: c8061ec4-99d5-4362-a6e7-4c6e5b581484, role: ADMIN, organizationMode: SOLO
2026-06-24 00:26:07 [http-nio-8080-exec-2] DEBUG o.s.security.web.FilterChainProxy - Securing GET /api/v1/fuel-logs/vehicle/1a5a214c-2971-4409-b983-72849019dfd4
2026-06-24 00:26:07 [http-nio-8080-exec-2] DEBUG o.s.security.web.FilterChainProxy - Secured GET /api/v1/fuel-logs/vehicle/1a5a214c-2971-4409-b983-72849019dfd4
2026-06-24 00:26:07 [http-nio-8080-exec-10] DEBUG o.s.security.web.FilterChainProxy - Securing GET /api/v1/vehicles/1a5a214c-2971-4409-b983-72849019dfd4/fuel-stats/consumption-alert
2026-06-24 00:26:07 [http-nio-8080-exec-10] DEBUG o.s.security.web.FilterChainProxy - Secured GET /api/v1/vehicles/1a5a214c-2971-4409-b983-72849019dfd4/fuel-stats/consumption-alert
2026-06-24 00:26:07 [http-nio-8080-exec-1] DEBUG o.s.security.web.FilterChainProxy - Securing GET /api/v1/compliance/odometer/status/1a5a214c-2971-4409-b983-72849019dfd4
2026-06-24 00:26:07 [http-nio-8080-exec-1] DEBUG o.s.security.web.FilterChainProxy - Secured GET /api/v1/compliance/odometer/status/1a5a214c-2971-4409-b983-72849019dfd4
2026-06-24 00:27:17 [http-nio-8080-exec-10] DEBUG o.s.security.web.FilterChainProxy - Securing OPTIONS /api/v1/alerts/tyre-rotation
2026-06-24 00:27:17 [http-nio-8080-exec-7] DEBUG o.s.security.web.FilterChainProxy - Securing OPTIONS /api/v1/alerts/expiry?includeDismissed=true
2026-06-24 00:27:17 [http-nio-8080-exec-1] DEBUG o.s.security.web.FilterChainProxy - Securing OPTIONS /api/v1/vehicles
2026-06-24 00:27:17 [http-nio-8080-exec-2] DEBUG o.s.security.web.FilterChainProxy - Securing GET /api/v1/alerts/tyre-rotation
2026-06-24 00:27:17 [http-nio-8080-exec-5] DEBUG o.s.security.web.FilterChainProxy - Securing GET /api/v1/alerts/expiry?includeDismissed=true
2026-06-24 00:27:17 [http-nio-8080-exec-9] DEBUG o.s.security.web.FilterChainProxy - Securing OPTIONS /api/v1/expenses/categories
2026-06-24 00:27:17 [http-nio-8080-exec-4] DEBUG o.s.security.web.FilterChainProxy - Securing OPTIONS /api/v1/auth/me
2026-06-24 00:27:17 [http-nio-8080-exec-6] DEBUG o.s.security.web.FilterChainProxy - Securing GET /api/v1/vehicles
2026-06-24 00:27:17 [http-nio-8080-exec-10] DEBUG o.s.security.web.FilterChainProxy - Securing GET /api/v1/expenses/categories
2026-06-24 00:27:17 [http-nio-8080-exec-7] DEBUG o.s.security.web.FilterChainProxy - Securing GET /api/v1/auth/me
2026-06-24 00:27:17 [http-nio-8080-exec-5] DEBUG o.s.security.web.FilterChainProxy - Secured GET /api/v1/alerts/expiry?includeDismissed=true
2026-06-24 00:27:17 [http-nio-8080-exec-2] DEBUG o.s.security.web.FilterChainProxy - Secured GET /api/v1/alerts/tyre-rotation
2026-06-24 00:27:17 [http-nio-8080-exec-6] DEBUG o.s.security.web.FilterChainProxy - Secured GET /api/v1/vehicles
2026-06-24 00:29:20 [http-nio-8080-exec-9] DEBUG o.s.security.web.FilterChainProxy - Securing OPTIONS /api/v1/alerts/expiry?includeDismissed=true
2026-06-24 00:29:20 [http-nio-8080-exec-1] DEBUG o.s.security.web.FilterChainProxy - Securing OPTIONS /api/v1/alerts/tyre-rotation
2026-06-24 00:29:20 [http-nio-8080-exec-4] DEBUG o.s.security.web.FilterChainProxy - Securing GET /api/v1/alerts/expiry?includeDismissed=true
2026-06-24 00:29:20 [http-nio-8080-exec-9] DEBUG o.s.security.web.FilterChainProxy - Securing OPTIONS /api/v1/expenses/categories
2026-06-24 00:29:20 [http-nio-8080-exec-1] DEBUG o.s.security.web.FilterChainProxy - Securing GET /api/v1/alerts/tyre-rotation

> Task :bootRun FAILED

[Incubating] Problems report is available at: file:///Users/stefanroets/WebstormProjects/TAX-FUEL/1expense-tracking-app/spring-boot-backend/build/reports/problems/problems-report.html

FAILURE: Build failed with an exception.

* What went wrong:
Execution failed for task ':bootRun'.
> Process 'command '/Library/Java/JavaVirtualMachines/jdk-21.jdk/Contents/Home/bin/java'' finished with non-zero exit value 137 (this value may indicate that the process was terminated with the SIGKILL signal, which is often caused by the system running out of memory)

* Try:
> Run with --stacktrace option to get the stack trace.
> Run with --info or --debug option to get more log output.
> Run with --scan to get full insights from a Build Scan (powered by Develocity).
> Get more help at https://help.gradle.org.

Deprecated Gradle features were used in this build, making it incompatible with Gradle 10.

You can use '--warning-mode all' to show the individual deprecation warnings and determine if they come from your own scripts or plugins.

For more on this, please refer to https://docs.gradle.org/9.3.0/userguide/command_line_interface.html#sec:command_line_warnings in the Gradle documentation.

BUILD FAILED in 39m 56s
4 actionable tasks: 2 executed, 2 up-to-date
